Component: ARM Compiler 5.06 update 6 (build 750) Tool: armlink [4d35ed]

==============================================================================

Section Cross References

    main.o(.text) refers to edk_api.o(.text) for clear_screen
    main.o(.text) refers to noretval__2printf.o(.text) for __2printf
    main.o(.text) refers to edk_driver.o(.text) for VGA_plot_pixel
    main.o(.text) refers to retarget.o(.text) for KBHIT
    main.o(.text) refers to main.o(.data) for score1
    cm0dsasm.o(STACK) refers (Special) to heapauxi.o(.text) for __use_two_region_memory
    cm0dsasm.o(HEAP) refers (Special) to heapauxi.o(.text) for __use_two_region_memory
    cm0dsasm.o(RESET) refers (Special) to heapauxi.o(.text) for __use_two_region_memory
    cm0dsasm.o(RESET) refers to cm0dsasm.o(.text) for Reset_Handler
    cm0dsasm.o(.text) refers (Special) to heapauxi.o(.text) for __use_two_region_memory
    cm0dsasm.o(.text) refers to main.o(.text) for UART_ISR
    cm0dsasm.o(.text) refers to __main.o(!!!main) for __main
    cm0dsasm.o(.text) refers to cm0dsasm.o(HEAP) for Heap_Mem
    cm0dsasm.o(.text) refers to cm0dsasm.o(STACK) for Stack_Mem
    edk_api.o(.text) refers to edk_driver.o(.text) for VGA_plot_pixel
    edk_api.o(.text) refers to edk_api.o(.data) for dig4
    retarget.o(.rev16_text) refers (Special) to use_no_semi.o(.text) for __use_no_semihosting_swi
    retarget.o(.revsh_text) refers (Special) to use_no_semi.o(.text) for __use_no_semihosting_swi
    retarget.o(.text) refers (Special) to use_no_semi.o(.text) for __use_no_semihosting_swi
    retarget.o(.data) refers (Special) to use_no_semi.o(.text) for __use_no_semihosting_swi
    __2printf.o(.text) refers to _printf_char_file.o(.text) for _printf_char_file
    __2printf.o(.text) refers to retarget.o(.data) for __stdout
    noretval__2printf.o(.text) refers to _printf_char_file.o(.text) for _printf_char_file
    noretval__2printf.o(.text) refers to retarget.o(.data) for __stdout
    __main.o(!!!main) refers to __rtentry.o(.ARM.Collect$$rtentry$$00000000) for __rt_entry
    __rtentry.o(.ARM.Collect$$rtentry$$00000000) refers (Special) to __rtentry2.o(.ARM.Collect$$rtentry$$0000000A) for __rt_entry_li
    __rtentry.o(.ARM.Collect$$rtentry$$00000000) refers (Special) to __rtentry2.o(.ARM.Collect$$rtentry$$0000000D) for __rt_entry_main
    __rtentry.o(.ARM.Collect$$rtentry$$00000000) refers (Special) to __rtentry2.o(.ARM.Collect$$rtentry$$0000000C) for __rt_entry_postli_1
    __rtentry.o(.ARM.Collect$$rtentry$$00000000) refers (Special) to __rtentry2.o(.ARM.Collect$$rtentry$$00000009) for __rt_entry_postsh_1
    __rtentry.o(.ARM.Collect$$rtentry$$00000000) refers (Special) to __rtentry2.o(.ARM.Collect$$rtentry$$00000002) for __rt_entry_presh_1
    __rtentry.o(.ARM.Collect$$rtentry$$00000000) refers (Special) to __rtentry4.o(.ARM.Collect$$rtentry$$00000004) for __rt_entry_sh
    _printf_char_file.o(.text) refers to _printf_char_common.o(.text) for _printf_char_common
    _printf_char_file.o(.text) refers to retarget.o(.text) for ferror
    __rtentry2.o(.ARM.Collect$$rtentry$$00000008) refers to boardinit2.o(.text) for _platform_post_stackheap_init
    __rtentry2.o(.ARM.Collect$$rtentry$$0000000A) refers to libinit.o(.ARM.Collect$$libinit$$00000000) for __rt_lib_init
    __rtentry2.o(.ARM.Collect$$rtentry$$0000000B) refers to boardinit3.o(.text) for _platform_post_lib_init
    __rtentry2.o(.ARM.Collect$$rtentry$$0000000D) refers to main.o(.text) for main
    __rtentry2.o(.ARM.Collect$$rtentry$$0000000D) refers to exit.o(.text) for exit
    __rtentry2.o(.ARM.exidx) refers to __rtentry2.o(.ARM.Collect$$rtentry$$00000001) for .ARM.Collect$$rtentry$$00000001
    __rtentry2.o(.ARM.exidx) refers to __rtentry2.o(.ARM.Collect$$rtentry$$00000008) for .ARM.Collect$$rtentry$$00000008
    __rtentry2.o(.ARM.exidx) refers to __rtentry2.o(.ARM.Collect$$rtentry$$0000000A) for .ARM.Collect$$rtentry$$0000000A
    __rtentry2.o(.ARM.exidx) refers to __rtentry2.o(.ARM.Collect$$rtentry$$0000000B) for .ARM.Collect$$rtentry$$0000000B
    __rtentry2.o(.ARM.exidx) refers to __rtentry2.o(.ARM.Collect$$rtentry$$0000000D) for .ARM.Collect$$rtentry$$0000000D
    __rtentry4.o(.ARM.Collect$$rtentry$$00000004) refers to sys_stackheap_outer.o(.text) for __user_setup_stackheap
    __rtentry4.o(.ARM.exidx) refers to __rtentry4.o(.ARM.Collect$$rtentry$$00000004) for .ARM.Collect$$rtentry$$00000004
    _printf_char_common.o(.text) refers to __printf_nopercent.o(.text) for __printf
    sys_stackheap_outer.o(.text) refers to libspace.o(.text) for __user_perproc_libspace
    sys_stackheap_outer.o(.text) refers to cm0dsasm.o(.text) for __user_initial_stackheap
    sys_stackheap_outer.o(__vectab_stack_and_reset_area) refers to tempstk.o(.text) for __temporary_stack_top
    sys_stackheap_outer.o(__vectab_stack_and_reset_area) refers to __main.o(!!!main) for __main
    exit.o(.text) refers to rtexit.o(.ARM.Collect$$rtexit$$00000000) for __rt_exit
    libinit.o(.ARM.Collect$$libinit$$00000000) refers (Special) to libinit2.o(.ARM.Collect$$libinit$$0000002E) for __rt_lib_init_alloca_1
    libinit.o(.ARM.Collect$$libinit$$00000000) refers (Special) to libinit2.o(.ARM.Collect$$libinit$$0000002C) for __rt_lib_init_argv_1
    libinit.o(.ARM.Collect$$libinit$$00000000) refers (Special) to libinit2.o(.ARM.Collect$$libinit$$0000001B) for __rt_lib_init_atexit_1
    libinit.o(.ARM.Collect$$libinit$$00000000) refers (Special) to libinit2.o(.ARM.Collect$$libinit$$00000021) for __rt_lib_init_clock_1
    libinit.o(.ARM.Collect$$libinit$$00000000) refers (Special) to libinit2.o(.ARM.Collect$$libinit$$00000032) for __rt_lib_init_cpp_1
    libinit.o(.ARM.Collect$$libinit$$00000000) refers (Special) to libinit2.o(.ARM.Collect$$libinit$$00000030) for __rt_lib_init_exceptions_1
    libinit.o(.ARM.Collect$$libinit$$00000000) refers (Special) to libinit2.o(.ARM.Collect$$libinit$$00000002) for __rt_lib_init_fp_1
    libinit.o(.ARM.Collect$$libinit$$00000000) refers (Special) to libinit2.o(.ARM.Collect$$libinit$$0000001F) for __rt_lib_init_fp_trap_1
    libinit.o(.ARM.Collect$$libinit$$00000000) refers (Special) to libinit2.o(.ARM.Collect$$libinit$$00000023) for __rt_lib_init_getenv_1
    libinit.o(.ARM.Collect$$libinit$$00000000) refers (Special) to libinit2.o(.ARM.Collect$$libinit$$0000000A) for __rt_lib_init_heap_1
    libinit.o(.ARM.Collect$$libinit$$00000000) refers (Special) to libinit2.o(.ARM.Collect$$libinit$$00000011) for __rt_lib_init_lc_collate_1
    libinit.o(.ARM.Collect$$libinit$$00000000) refers (Special) to libinit2.o(.ARM.Collect$$libinit$$00000013) for __rt_lib_init_lc_ctype_1
    libinit.o(.ARM.Collect$$libinit$$00000000) refers (Special) to libinit2.o(.ARM.Collect$$libinit$$00000015) for __rt_lib_init_lc_monetary_1
    libinit.o(.ARM.Collect$$libinit$$00000000) refers (Special) to libinit2.o(.ARM.Collect$$libinit$$00000017) for __rt_lib_init_lc_numeric_1
    libinit.o(.ARM.Collect$$libinit$$00000000) refers (Special) to libinit2.o(.ARM.Collect$$libinit$$00000019) for __rt_lib_init_lc_time_1
    libinit.o(.ARM.Collect$$libinit$$00000000) refers (Special) to libinit2.o(.ARM.Collect$$libinit$$00000004) for __rt_lib_init_preinit_1
    libinit.o(.ARM.Collect$$libinit$$00000000) refers (Special) to libinit2.o(.ARM.Collect$$libinit$$0000000E) for __rt_lib_init_rand_1
    libinit.o(.ARM.Collect$$libinit$$00000000) refers (Special) to libinit2.o(.ARM.Collect$$libinit$$00000033) for __rt_lib_init_return
    libinit.o(.ARM.Collect$$libinit$$00000000) refers (Special) to libinit2.o(.ARM.Collect$$libinit$$0000001D) for __rt_lib_init_signal_1
    libinit.o(.ARM.Collect$$libinit$$00000000) refers (Special) to libinit2.o(.ARM.Collect$$libinit$$00000025) for __rt_lib_init_stdio_1
    libinit.o(.ARM.Collect$$libinit$$00000000) refers (Special) to libinit2.o(.ARM.Collect$$libinit$$0000000C) for __rt_lib_init_user_alloc_1
    libspace.o(.text) refers to libspace.o(.bss) for __libspace_start
    rtexit.o(.ARM.Collect$$rtexit$$00000000) refers (Special) to rtexit2.o(.ARM.Collect$$rtexit$$00000004) for __rt_exit_exit
    rtexit.o(.ARM.Collect$$rtexit$$00000000) refers (Special) to rtexit2.o(.ARM.Collect$$rtexit$$00000003) for __rt_exit_ls
    rtexit.o(.ARM.Collect$$rtexit$$00000000) refers (Special) to rtexit2.o(.ARM.Collect$$rtexit$$00000002) for __rt_exit_prels_1
    rtexit.o(.ARM.exidx) refers (Special) to rtexit2.o(.ARM.Collect$$rtexit$$00000004) for __rt_exit_exit
    rtexit.o(.ARM.exidx) refers (Special) to rtexit2.o(.ARM.Collect$$rtexit$$00000003) for __rt_exit_ls
    rtexit.o(.ARM.exidx) refers (Special) to rtexit2.o(.ARM.Collect$$rtexit$$00000002) for __rt_exit_prels_1
    rtexit.o(.ARM.exidx) refers to rtexit.o(.ARM.Collect$$rtexit$$00000000) for .ARM.Collect$$rtexit$$00000000
    libinit2.o(.ARM.Collect$$libinit$$00000010) refers to libinit2.o(.ARM.Collect$$libinit$$0000000F) for .ARM.Collect$$libinit$$0000000F
    libinit2.o(.ARM.Collect$$libinit$$00000012) refers to libinit2.o(.ARM.Collect$$libinit$$0000000F) for .ARM.Collect$$libinit$$0000000F
    libinit2.o(.ARM.Collect$$libinit$$00000014) refers to libinit2.o(.ARM.Collect$$libinit$$0000000F) for .ARM.Collect$$libinit$$0000000F
    libinit2.o(.ARM.Collect$$libinit$$00000016) refers to libinit2.o(.ARM.Collect$$libinit$$0000000F) for .ARM.Collect$$libinit$$0000000F
    libinit2.o(.ARM.Collect$$libinit$$00000018) refers to libinit2.o(.ARM.Collect$$libinit$$0000000F) for .ARM.Collect$$libinit$$0000000F
    libinit2.o(.ARM.Collect$$libinit$$00000026) refers to argv_veneer.o(.text) for __ARM_argv_veneer
    libinit2.o(.ARM.Collect$$libinit$$00000027) refers to argv_veneer.o(.text) for __ARM_argv_veneer
    rtexit2.o(.ARM.Collect$$rtexit$$00000003) refers to libshutdown.o(.ARM.Collect$$libshutdown$$00000000) for __rt_lib_shutdown
    rtexit2.o(.ARM.Collect$$rtexit$$00000004) refers to retarget.o(.text) for _sys_exit
    rtexit2.o(.ARM.exidx) refers to rtexit2.o(.ARM.Collect$$rtexit$$00000001) for .ARM.Collect$$rtexit$$00000001
    rtexit2.o(.ARM.exidx) refers to rtexit2.o(.ARM.Collect$$rtexit$$00000003) for .ARM.Collect$$rtexit$$00000003
    rtexit2.o(.ARM.exidx) refers to rtexit2.o(.ARM.Collect$$rtexit$$00000004) for .ARM.Collect$$rtexit$$00000004
    _get_argv_nomalloc.o(.text) refers (Special) to hrguard.o(.text) for __heap_region$guard
    _get_argv_nomalloc.o(.text) refers to defsig_rtmem_outer.o(.text) for __rt_SIGRTMEM
    _get_argv_nomalloc.o(.text) refers to sys_command.o(.text) for _sys_command_string
    libshutdown.o(.ARM.Collect$$libshutdown$$00000000) refers (Special) to libshutdown2.o(.ARM.Collect$$libshutdown$$00000002) for __rt_lib_shutdown_cpp_1
    libshutdown.o(.ARM.Collect$$libshutdown$$00000000) refers (Special) to libshutdown2.o(.ARM.Collect$$libshutdown$$00000007) for __rt_lib_shutdown_fp_trap_1
    libshutdown.o(.ARM.Collect$$libshutdown$$00000000) refers (Special) to libshutdown2.o(.ARM.Collect$$libshutdown$$0000000F) for __rt_lib_shutdown_heap_1
    libshutdown.o(.ARM.Collect$$libshutdown$$00000000) refers (Special) to libshutdown2.o(.ARM.Collect$$libshutdown$$00000010) for __rt_lib_shutdown_return
    libshutdown.o(.ARM.Collect$$libshutdown$$00000000) refers (Special) to libshutdown2.o(.ARM.Collect$$libshutdown$$0000000A) for __rt_lib_shutdown_signal_1
    libshutdown.o(.ARM.Collect$$libshutdown$$00000000) refers (Special) to libshutdown2.o(.ARM.Collect$$libshutdown$$00000004) for __rt_lib_shutdown_stdio_1
    libshutdown.o(.ARM.Collect$$libshutdown$$00000000) refers (Special) to libshutdown2.o(.ARM.Collect$$libshutdown$$0000000C) for __rt_lib_shutdown_user_alloc_1
    sys_command.o(.text) refers (Special) to use_no_semi.o(.text) for __I$use$semihosting
    sys_command.o(.text) refers (Special) to indicate_semi.o(.text) for __semihosting_library_function
    defsig_rtmem_outer.o(.text) refers to defsig_rtmem_inner.o(.text) for __rt_SIGRTMEM_inner
    defsig_rtmem_outer.o(.text) refers to defsig_exit.o(.text) for __sig_exit
    defsig_rtmem_formal.o(.text) refers to rt_raise.o(.text) for __rt_raise
    rt_raise.o(.text) refers to __raise.o(.text) for __raise
    rt_raise.o(.text) refers to retarget.o(.text) for _sys_exit
    defsig_exit.o(.text) refers to retarget.o(.text) for _sys_exit
    defsig_rtmem_inner.o(.text) refers to defsig_general.o(.text) for __default_signal_display
    __raise.o(.text) refers to defsig.o(CL$$defsig) for __default_signal_handler
    defsig_general.o(.text) refers to retarget.o(.text) for _ttywrch
    defsig.o(CL$$defsig) refers to defsig_rtmem_inner.o(.text) for __rt_SIGRTMEM_inner
    defsig_abrt_inner.o(.text) refers to defsig_general.o(.text) for __default_signal_display
    defsig_fpe_inner.o(.text) refers to defsig_general.o(.text) for __default_signal_display
    defsig_rtred_inner.o(.text) refers to defsig_general.o(.text) for __default_signal_display
    defsig_stak_inner.o(.text) refers to defsig_general.o(.text) for __default_signal_display
    defsig_pvfn_inner.o(.text) refers to defsig_general.o(.text) for __default_signal_display
    defsig_cppl_inner.o(.text) refers to defsig_general.o(.text) for __default_signal_display
    defsig_segv_inner.o(.text) refers to defsig_general.o(.text) for __default_signal_display
    defsig_other.o(.text) refers to defsig_general.o(.text) for __default_signal_display


==============================================================================

Removing Unused input sections from the image.

    Removing main.o(.rev16_text), (4 bytes).
    Removing main.o(.revsh_text), (4 bytes).
    Removing edk_driver.o(.rev16_text), (4 bytes).
    Removing edk_driver.o(.revsh_text), (4 bytes).
    Removing edk_driver.o(.data), (4 bytes).
    Removing edk_api.o(.rev16_text), (4 bytes).
    Removing edk_api.o(.revsh_text), (4 bytes).
    Removing retarget.o(.rev16_text), (4 bytes).
    Removing retarget.o(.revsh_text), (4 bytes).

9 unused section(s) (total 36 bytes) removed from the image.

==============================================================================

Image Symbol Table

    Local Symbols

    Symbol Name                              Value     Ov Type        Size  Object(Section)

    RESET                                    0x00000000   Section      124  cm0dsasm.o(RESET)
    ../clib/angel/boardlib.s                 0x00000000   Number         0  boardshut.o ABSOLUTE
    ../clib/angel/boardlib.s                 0x00000000   Number         0  boardinit3.o ABSOLUTE
    ../clib/angel/boardlib.s                 0x00000000   Number         0  boardinit2.o ABSOLUTE
    ../clib/angel/boardlib.s                 0x00000000   Number         0  boardinit1.o ABSOLUTE
    ../clib/angel/handlers.s                 0x00000000   Number         0  __scatter_zi.o ABSOLUTE
    ../clib/angel/kernel.s                   0x00000000   Number         0  __rtentry4.o ABSOLUTE
    ../clib/angel/kernel.s                   0x00000000   Number         0  rtexit2.o ABSOLUTE
    ../clib/angel/kernel.s                   0x00000000   Number         0  rtexit.o ABSOLUTE
    ../clib/angel/kernel.s                   0x00000000   Number         0  __rtentry.o ABSOLUTE
    ../clib/angel/kernel.s                   0x00000000   Number         0  __rtentry2.o ABSOLUTE
    ../clib/angel/rt.s                       0x00000000   Number         0  rt_raise.o ABSOLUTE
    ../clib/angel/scatterp.s                 0x00000000   Number         0  __scatter.o ABSOLUTE
    ../clib/angel/startup.s                  0x00000000   Number         0  __main.o ABSOLUTE
    ../clib/angel/sys.s                      0x00000000   Number         0  indicate_semi.o ABSOLUTE
    ../clib/angel/sys.s                      0x00000000   Number         0  tempstk.o ABSOLUTE
    ../clib/angel/sys.s                      0x00000000   Number         0  libspace.o ABSOLUTE
    ../clib/angel/sys.s                      0x00000000   Number         0  sys_stackheap_outer.o ABSOLUTE
    ../clib/angel/sys.s                      0x00000000   Number         0  use_no_semi.o ABSOLUTE
    ../clib/angel/sysapp.c                   0x00000000   Number         0  sys_command.o ABSOLUTE
    ../clib/armsys.c                         0x00000000   Number         0  _get_argv_nomalloc.o ABSOLUTE
    ../clib/armsys.c                         0x00000000   Number         0  argv_veneer.o ABSOLUTE
    ../clib/armsys.c                         0x00000000   Number         0  no_argv.o ABSOLUTE
    ../clib/heapalloc.c                      0x00000000   Number         0  hrguard.o ABSOLUTE
    ../clib/heapaux.c                        0x00000000   Number         0  heapauxi.o ABSOLUTE
    ../clib/libinit.s                        0x00000000   Number         0  libinit2.o ABSOLUTE
    ../clib/libinit.s                        0x00000000   Number         0  libshutdown.o ABSOLUTE
    ../clib/libinit.s                        0x00000000   Number         0  libinit.o ABSOLUTE
    ../clib/libinit.s                        0x00000000   Number         0  libshutdown2.o ABSOLUTE
    ../clib/printf.c                         0x00000000   Number         0  __printf_nopercent.o ABSOLUTE
    ../clib/printf.c                         0x00000000   Number         0  __2printf.o ABSOLUTE
    ../clib/printf.c                         0x00000000   Number         0  noretval__2printf.o ABSOLUTE
    ../clib/printf.c                         0x00000000   Number         0  _printf_char_file.o ABSOLUTE
    ../clib/printf.c                         0x00000000   Number         0  _printf_char_common.o ABSOLUTE
    ../clib/signal.c                         0x00000000   Number         0  defsig_abrt_inner.o ABSOLUTE
    ../clib/signal.c                         0x00000000   Number         0  defsig_general.o ABSOLUTE
    ../clib/signal.c                         0x00000000   Number         0  __raise.o ABSOLUTE
    ../clib/signal.c                         0x00000000   Number         0  defsig_rtmem_inner.o ABSOLUTE
    ../clib/signal.c                         0x00000000   Number         0  defsig_exit.o ABSOLUTE
    ../clib/signal.c                         0x00000000   Number         0  defsig_rtmem_formal.o ABSOLUTE
    ../clib/signal.c                         0x00000000   Number         0  defsig_segv_inner.o ABSOLUTE
    ../clib/signal.c                         0x00000000   Number         0  defsig_pvfn_inner.o ABSOLUTE
    ../clib/signal.c                         0x00000000   Number         0  defsig_stak_inner.o ABSOLUTE
    ../clib/signal.c                         0x00000000   Number         0  defsig_other.o ABSOLUTE
    ../clib/signal.c                         0x00000000   Number         0  defsig_cppl_inner.o ABSOLUTE
    ../clib/signal.c                         0x00000000   Number         0  defsig_rtred_inner.o ABSOLUTE
    ../clib/signal.c                         0x00000000   Number         0  defsig_fpe_inner.o ABSOLUTE
    ../clib/signal.c                         0x00000000   Number         0  defsig_rtmem_outer.o ABSOLUTE
    ../clib/signal.s                         0x00000000   Number         0  defsig.o ABSOLUTE
    ../clib/stdlib.c                         0x00000000   Number         0  exit.o ABSOLUTE
    ../fplib/cfplib/fpinit.c                 0x00000000   Number         0  fpinit.o ABSOLUTE
    ..\Files\Software\Application\main.c     0x00000000   Number         0  main.o ABSOLUTE
    ..\Files\Software\device\cm0dsasm.s      0x00000000   Number         0  cm0dsasm.o ABSOLUTE
    ..\Files\Software\device\edk_api.c       0x00000000   Number         0  edk_api.o ABSOLUTE
    ..\Files\Software\device\edk_driver.c    0x00000000   Number         0  edk_driver.o ABSOLUTE
    ..\Files\Software\device\retarget.c      0x00000000   Number         0  retarget.o ABSOLUTE
    ..\\Files\\Software\\Application\\main.c 0x00000000   Number         0  main.o ABSOLUTE
    ..\\Files\\Software\\device\\edk_api.c   0x00000000   Number         0  edk_api.o ABSOLUTE
    ..\\Files\\Software\\device\\edk_driver.c 0x00000000   Number         0  edk_driver.o ABSOLUTE
    ..\\Files\\Software\\device\\retarget.c  0x00000000   Number         0  retarget.o ABSOLUTE
    dc.s                                     0x00000000   Number         0  dc.o ABSOLUTE
    !!!main                                  0x0000007c   Section        8  __main.o(!!!main)
    !!!scatter                               0x00000084   Section       60  __scatter.o(!!!scatter)
    !!handler_zi                             0x000000c0   Section       28  __scatter_zi.o(!!handler_zi)
    .ARM.Collect$$libinit$$00000000          0x000000dc   Section        2  libinit.o(.ARM.Collect$$libinit$$00000000)
    .ARM.Collect$$libinit$$00000002          0x000000de   Section        0  libinit2.o(.ARM.Collect$$libinit$$00000002)
    .ARM.Collect$$libinit$$00000004          0x000000de   Section        0  libinit2.o(.ARM.Collect$$libinit$$00000004)
    .ARM.Collect$$libinit$$0000000A          0x000000de   Section        0  libinit2.o(.ARM.Collect$$libinit$$0000000A)
    .ARM.Collect$$libinit$$0000000C          0x000000de   Section        0  libinit2.o(.ARM.Collect$$libinit$$0000000C)
    .ARM.Collect$$libinit$$0000000E          0x000000de   Section        0  libinit2.o(.ARM.Collect$$libinit$$0000000E)
    .ARM.Collect$$libinit$$00000011          0x000000de   Section        0  libinit2.o(.ARM.Collect$$libinit$$00000011)
    .ARM.Collect$$libinit$$00000013          0x000000de   Section        0  libinit2.o(.ARM.Collect$$libinit$$00000013)
    .ARM.Collect$$libinit$$00000015          0x000000de   Section        0  libinit2.o(.ARM.Collect$$libinit$$00000015)
    .ARM.Collect$$libinit$$00000017          0x000000de   Section        0  libinit2.o(.ARM.Collect$$libinit$$00000017)
    .ARM.Collect$$libinit$$00000019          0x000000de   Section        0  libinit2.o(.ARM.Collect$$libinit$$00000019)
    .ARM.Collect$$libinit$$0000001B          0x000000de   Section        0  libinit2.o(.ARM.Collect$$libinit$$0000001B)
    .ARM.Collect$$libinit$$0000001D          0x000000de   Section        0  libinit2.o(.ARM.Collect$$libinit$$0000001D)
    .ARM.Collect$$libinit$$0000001F          0x000000de   Section        0  libinit2.o(.ARM.Collect$$libinit$$0000001F)
    .ARM.Collect$$libinit$$00000021          0x000000de   Section        0  libinit2.o(.ARM.Collect$$libinit$$00000021)
    .ARM.Collect$$libinit$$00000023          0x000000de   Section        0  libinit2.o(.ARM.Collect$$libinit$$00000023)
    .ARM.Collect$$libinit$$00000025          0x000000de   Section        0  libinit2.o(.ARM.Collect$$libinit$$00000025)
    .ARM.Collect$$libinit$$0000002C          0x000000de   Section        0  libinit2.o(.ARM.Collect$$libinit$$0000002C)
    .ARM.Collect$$libinit$$0000002E          0x000000de   Section        0  libinit2.o(.ARM.Collect$$libinit$$0000002E)
    .ARM.Collect$$libinit$$00000030          0x000000de   Section        0  libinit2.o(.ARM.Collect$$libinit$$00000030)
    .ARM.Collect$$libinit$$00000032          0x000000de   Section        0  libinit2.o(.ARM.Collect$$libinit$$00000032)
    .ARM.Collect$$libinit$$00000033          0x000000de   Section        2  libinit2.o(.ARM.Collect$$libinit$$00000033)
    .ARM.Collect$$libshutdown$$00000000      0x000000e0   Section        2  libshutdown.o(.ARM.Collect$$libshutdown$$00000000)
    .ARM.Collect$$libshutdown$$00000002      0x000000e2   Section        0  libshutdown2.o(.ARM.Collect$$libshutdown$$00000002)
    .ARM.Collect$$libshutdown$$00000004      0x000000e2   Section        0  libshutdown2.o(.ARM.Collect$$libshutdown$$00000004)
    .ARM.Collect$$libshutdown$$00000007      0x000000e2   Section        0  libshutdown2.o(.ARM.Collect$$libshutdown$$00000007)
    .ARM.Collect$$libshutdown$$0000000A      0x000000e2   Section        0  libshutdown2.o(.ARM.Collect$$libshutdown$$0000000A)
    .ARM.Collect$$libshutdown$$0000000C      0x000000e2   Section        0  libshutdown2.o(.ARM.Collect$$libshutdown$$0000000C)
    .ARM.Collect$$libshutdown$$0000000F      0x000000e2   Section        0  libshutdown2.o(.ARM.Collect$$libshutdown$$0000000F)
    .ARM.Collect$$libshutdown$$00000010      0x000000e2   Section        2  libshutdown2.o(.ARM.Collect$$libshutdown$$00000010)
    .ARM.Collect$$rtentry$$00000000          0x000000e4   Section        0  __rtentry.o(.ARM.Collect$$rtentry$$00000000)
    .ARM.Collect$$rtentry$$00000002          0x000000e4   Section        0  __rtentry2.o(.ARM.Collect$$rtentry$$00000002)
    .ARM.Collect$$rtentry$$00000004          0x000000e4   Section        6  __rtentry4.o(.ARM.Collect$$rtentry$$00000004)
    .ARM.Collect$$rtentry$$00000009          0x000000ea   Section        0  __rtentry2.o(.ARM.Collect$$rtentry$$00000009)
    .ARM.Collect$$rtentry$$0000000A          0x000000ea   Section        4  __rtentry2.o(.ARM.Collect$$rtentry$$0000000A)
    .ARM.Collect$$rtentry$$0000000C          0x000000ee   Section        0  __rtentry2.o(.ARM.Collect$$rtentry$$0000000C)
    .ARM.Collect$$rtentry$$0000000D          0x000000ee   Section        8  __rtentry2.o(.ARM.Collect$$rtentry$$0000000D)
    .ARM.Collect$$rtexit$$00000000           0x000000f6   Section        2  rtexit.o(.ARM.Collect$$rtexit$$00000000)
    .ARM.Collect$$rtexit$$00000002           0x000000f8   Section        0  rtexit2.o(.ARM.Collect$$rtexit$$00000002)
    .ARM.Collect$$rtexit$$00000003           0x000000f8   Section        4  rtexit2.o(.ARM.Collect$$rtexit$$00000003)
    .ARM.Collect$$rtexit$$00000004           0x000000fc   Section        6  rtexit2.o(.ARM.Collect$$rtexit$$00000004)
    .text                                    0x00000104   Section        0  main.o(.text)
    NVIC_EnableIRQ                           0x0000024f   Thumb Code    14  main.o(.text)
    NVIC_DisableIRQ                          0x0000025d   Thumb Code    16  main.o(.text)
    .text                                    0x0000031c   Section       44  cm0dsasm.o(.text)
    .text                                    0x00000348   Section        0  edk_driver.o(.text)
    .text                                    0x000003cc   Section        0  edk_api.o(.text)
    NVIC_SetPriority                         0x000003cd   Thumb Code   110  edk_api.o(.text)
    .text                                    0x0000057c   Section        0  retarget.o(.text)
    .text                                    0x000005e0   Section        2  use_no_semi.o(.text)
    .text                                    0x000005e4   Section        0  noretval__2printf.o(.text)
    .text                                    0x00000600   Section        0  heapauxi.o(.text)
    .text                                    0x00000608   Section        0  _printf_char_file.o(.text)
    .text                                    0x00000630   Section        0  _printf_char_common.o(.text)
    _printf_input_char                       0x00000631   Thumb Code    10  _printf_char_common.o(.text)
    .text                                    0x00000660   Section       62  sys_stackheap_outer.o(.text)
    .text                                    0x0000069e   Section        0  __printf_nopercent.o(.text)
    .text                                    0x000006c2   Section        0  exit.o(.text)
    .text                                    0x000006d4   Section        8  libspace.o(.text)
    .data                                    0x000006ec   Section       32  main.o(.data)
    dig1                                     0x000006ec   Data           1  main.o(.data)
    dig2                                     0x000006ed   Data           1  main.o(.data)
    dig3                                     0x000006ee   Data           1  main.o(.data)
    dig4                                     0x000006ef   Data           1  main.o(.data)
    i                                        0x000006f0   Data           4  main.o(.data)
    j                                        0x000006f4   Data           4  main.o(.data)
    key                                      0x000006f8   Data           1  main.o(.data)
    score1                                   0x000006fc   Data           4  main.o(.data)
    score2                                   0x00000700   Data           4  main.o(.data)
    row                                      0x00000704   Data           4  main.o(.data)
    col                                      0x00000708   Data           4  main.o(.data)
    .data                                    0x0000070c   Section        4  edk_api.o(.data)
    dig1                                     0x0000070c   Data           1  edk_api.o(.data)
    dig2                                     0x0000070d   Data           1  edk_api.o(.data)
    dig3                                     0x0000070e   Data           1  edk_api.o(.data)
    dig4                                     0x0000070f   Data           1  edk_api.o(.data)
    .data                                    0x00000710   Section       12  retarget.o(.data)
    dig1                                     0x00000710   Data           1  retarget.o(.data)
    dig2                                     0x00000711   Data           1  retarget.o(.data)
    dig3                                     0x00000712   Data           1  retarget.o(.data)
    dig4                                     0x00000713   Data           1  retarget.o(.data)
    .bss                                     0x0000071c   Section       96  libspace.o(.bss)
    HEAP                                     0x00000780   Section     1024  cm0dsasm.o(HEAP)
    Heap_Mem                                 0x00000780   Data        1024  cm0dsasm.o(HEAP)
    STACK                                    0x00000b80   Section     1024  cm0dsasm.o(STACK)
    Stack_Mem                                0x00000b80   Data        1024  cm0dsasm.o(STACK)

    Global Symbols

    Symbol Name                              Value     Ov Type        Size  Object(Section)

    BuildAttributes$$THM_ISAv3M$S$PE$A:L22$X:L11$S22$IEEE1$IW$USESV6$~STKCKD$USESV7$~SHL$OSPACE$ROPI$EBA8$UX$STANDARDLIB$REQ8$PRES8$EABIv2 0x00000000   Number         0  anon$$obj.o ABSOLUTE
    __ARM_use_no_argv                        0x00000000   Number         0  main.o ABSOLUTE
    __Vectors                                0x00000000   Data           4  cm0dsasm.o(RESET)
    __ARM_exceptions_init                     - Undefined Weak Reference
    __alloca_initialize                       - Undefined Weak Reference
    __arm_preinit_                            - Undefined Weak Reference
    __cpp_initialize__aeabi_                  - Undefined Weak Reference
    __cxa_finalize                            - Undefined Weak Reference
    __rt_locale                               - Undefined Weak Reference
    __sigvec_lookup                           - Undefined Weak Reference
    _atexit_init                              - Undefined Weak Reference
    _call_atexit_fns                          - Undefined Weak Reference
    _clock_init                               - Undefined Weak Reference
    _fp_trap_init                             - Undefined Weak Reference
    _fp_trap_shutdown                         - Undefined Weak Reference
    _get_lc_collate                           - Undefined Weak Reference
    _get_lc_ctype                             - Undefined Weak Reference
    _get_lc_monetary                          - Undefined Weak Reference
    _get_lc_numeric                           - Undefined Weak Reference
    _get_lc_time                              - Undefined Weak Reference
    _getenv_init                              - Undefined Weak Reference
    _handle_redirection                       - Undefined Weak Reference
    _init_alloc                               - Undefined Weak Reference
    _init_user_alloc                          - Undefined Weak Reference
    _initio                                   - Undefined Weak Reference
    _rand_init                                - Undefined Weak Reference
    _signal_finish                            - Undefined Weak Reference
    _signal_init                              - Undefined Weak Reference
    _terminate_alloc                          - Undefined Weak Reference
    _terminate_user_alloc                     - Undefined Weak Reference
    _terminateio                              - Undefined Weak Reference
    __main                                   0x0000007d   Thumb Code     8  __main.o(!!!main)
    __scatterload                            0x00000085   Thumb Code     0  __scatter.o(!!!scatter)
    __scatterload_rt2                        0x00000085   Thumb Code    52  __scatter.o(!!!scatter)
    __scatterload_rt2_thumb_only             0x00000085   Thumb Code     0  __scatter.o(!!!scatter)
    __scatterload_null                       0x00000095   Thumb Code     0  __scatter.o(!!!scatter)
    __scatterload_zeroinit                   0x000000c1   Thumb Code    28  __scatter_zi.o(!!handler_zi)
    __rt_lib_init                            0x000000dd   Thumb Code     0  libinit.o(.ARM.Collect$$libinit$$00000000)
    __rt_lib_init_alloca_1                   0x000000df   Thumb Code     0  libinit2.o(.ARM.Collect$$libinit$$0000002E)
    __rt_lib_init_argv_1                     0x000000df   Thumb Code     0  libinit2.o(.ARM.Collect$$libinit$$0000002C)
    __rt_lib_init_atexit_1                   0x000000df   Thumb Code     0  libinit2.o(.ARM.Collect$$libinit$$0000001B)
    __rt_lib_init_clock_1                    0x000000df   Thumb Code     0  libinit2.o(.ARM.Collect$$libinit$$00000021)
    __rt_lib_init_cpp_1                      0x000000df   Thumb Code     0  libinit2.o(.ARM.Collect$$libinit$$00000032)
    __rt_lib_init_exceptions_1               0x000000df   Thumb Code     0  libinit2.o(.ARM.Collect$$libinit$$00000030)
    __rt_lib_init_fp_1                       0x000000df   Thumb Code     0  libinit2.o(.ARM.Collect$$libinit$$00000002)
    __rt_lib_init_fp_trap_1                  0x000000df   Thumb Code     0  libinit2.o(.ARM.Collect$$libinit$$0000001F)
    __rt_lib_init_getenv_1                   0x000000df   Thumb Code     0  libinit2.o(.ARM.Collect$$libinit$$00000023)
    __rt_lib_init_heap_1                     0x000000df   Thumb Code     0  libinit2.o(.ARM.Collect$$libinit$$0000000A)
    __rt_lib_init_lc_collate_1               0x000000df   Thumb Code     0  libinit2.o(.ARM.Collect$$libinit$$00000011)
    __rt_lib_init_lc_ctype_1                 0x000000df   Thumb Code     0  libinit2.o(.ARM.Collect$$libinit$$00000013)
    __rt_lib_init_lc_monetary_1              0x000000df   Thumb Code     0  libinit2.o(.ARM.Collect$$libinit$$00000015)
    __rt_lib_init_lc_numeric_1               0x000000df   Thumb Code     0  libinit2.o(.ARM.Collect$$libinit$$00000017)
    __rt_lib_init_lc_time_1                  0x000000df   Thumb Code     0  libinit2.o(.ARM.Collect$$libinit$$00000019)
    __rt_lib_init_preinit_1                  0x000000df   Thumb Code     0  libinit2.o(.ARM.Collect$$libinit$$00000004)
    __rt_lib_init_rand_1                     0x000000df   Thumb Code     0  libinit2.o(.ARM.Collect$$libinit$$0000000E)
    __rt_lib_init_return                     0x000000df   Thumb Code     0  libinit2.o(.ARM.Collect$$libinit$$00000033)
    __rt_lib_init_signal_1                   0x000000df   Thumb Code     0  libinit2.o(.ARM.Collect$$libinit$$0000001D)
    __rt_lib_init_stdio_1                    0x000000df   Thumb Code     0  libinit2.o(.ARM.Collect$$libinit$$00000025)
    __rt_lib_init_user_alloc_1               0x000000df   Thumb Code     0  libinit2.o(.ARM.Collect$$libinit$$0000000C)
    __rt_lib_shutdown                        0x000000e1   Thumb Code     0  libshutdown.o(.ARM.Collect$$libshutdown$$00000000)
    __rt_lib_shutdown_cpp_1                  0x000000e3   Thumb Code     0  libshutdown2.o(.ARM.Collect$$libshutdown$$00000002)
    __rt_lib_shutdown_fp_trap_1              0x000000e3   Thumb Code     0  libshutdown2.o(.ARM.Collect$$libshutdown$$00000007)
    __rt_lib_shutdown_heap_1                 0x000000e3   Thumb Code     0  libshutdown2.o(.ARM.Collect$$libshutdown$$0000000F)
    __rt_lib_shutdown_return                 0x000000e3   Thumb Code     0  libshutdown2.o(.ARM.Collect$$libshutdown$$00000010)
    __rt_lib_shutdown_signal_1               0x000000e3   Thumb Code     0  libshutdown2.o(.ARM.Collect$$libshutdown$$0000000A)
    __rt_lib_shutdown_stdio_1                0x000000e3   Thumb Code     0  libshutdown2.o(.ARM.Collect$$libshutdown$$00000004)
    __rt_lib_shutdown_user_alloc_1           0x000000e3   Thumb Code     0  libshutdown2.o(.ARM.Collect$$libshutdown$$0000000C)
    __rt_entry                               0x000000e5   Thumb Code     0  __rtentry.o(.ARM.Collect$$rtentry$$00000000)
    __rt_entry_presh_1                       0x000000e5   Thumb Code     0  __rtentry2.o(.ARM.Collect$$rtentry$$00000002)
    __rt_entry_sh                            0x000000e5   Thumb Code     0  __rtentry4.o(.ARM.Collect$$rtentry$$00000004)
    __rt_entry_li                            0x000000eb   Thumb Code     0  __rtentry2.o(.ARM.Collect$$rtentry$$0000000A)
    __rt_entry_postsh_1                      0x000000eb   Thumb Code     0  __rtentry2.o(.ARM.Collect$$rtentry$$00000009)
    __rt_entry_main                          0x000000ef   Thumb Code     0  __rtentry2.o(.ARM.Collect$$rtentry$$0000000D)
    __rt_entry_postli_1                      0x000000ef   Thumb Code     0  __rtentry2.o(.ARM.Collect$$rtentry$$0000000C)
    __rt_exit                                0x000000f7   Thumb Code     0  rtexit.o(.ARM.Collect$$rtexit$$00000000)
    __rt_exit_ls                             0x000000f9   Thumb Code     0  rtexit2.o(.ARM.Collect$$rtexit$$00000003)
    __rt_exit_prels_1                        0x000000f9   Thumb Code     0  rtexit2.o(.ARM.Collect$$rtexit$$00000002)
    __rt_exit_exit                           0x000000fd   Thumb Code     0  rtexit2.o(.ARM.Collect$$rtexit$$00000004)
    Game_Init                                0x00000105   Thumb Code   188  main.o(.text)
    Game_Close                               0x000001c1   Thumb Code    42  main.o(.text)
    GameOver                                 0x000001eb   Thumb Code    74  main.o(.text)
    UART_ISR                                 0x00000235   Thumb Code    12  main.o(.text)
    main                                     0x00000241   Thumb Code    14  main.o(.text)
    Reset_Handler                            0x0000031d   Thumb Code     4  cm0dsasm.o(.text)
    UART_Handler                             0x00000321   Thumb Code     8  cm0dsasm.o(.text)
    __user_initial_stackheap                 0x00000329   Thumb Code     0  cm0dsasm.o(.text)
    VGA_plot_pixel                           0x00000349   Thumb Code    14  edk_driver.o(.text)
    seven_seg_write                          0x00000357   Thumb Code    16  edk_driver.o(.text)
    timer_init                               0x00000367   Thumb Code    40  edk_driver.o(.text)
    timer_enable                             0x0000038f   Thumb Code    18  edk_driver.o(.text)
    timer_irq_clear                          0x000003a1   Thumb Code    10  edk_driver.o(.text)
    GPIO_read                                0x000003ab   Thumb Code    14  edk_driver.o(.text)
    GPIO_write                               0x000003b9   Thumb Code    14  edk_driver.o(.text)
    clear_screen                             0x0000043b   Thumb Code    34  edk_api.o(.text)
    SoC_init                                 0x0000045d   Thumb Code    44  edk_api.o(.text)
    Display_Int_Times                        0x00000489   Thumb Code   100  edk_api.o(.text)
    rectangle                                0x000004ed   Thumb Code    46  edk_api.o(.text)
    read_switch                              0x0000051b   Thumb Code     8  edk_api.o(.text)
    write_LED                                0x00000523   Thumb Code    12  edk_api.o(.text)
    delay                                    0x0000052f   Thumb Code    12  edk_api.o(.text)
    random                                   0x0000053b   Thumb Code    40  edk_api.o(.text)
    VGAPutc                                  0x0000057d   Thumb Code     8  retarget.o(.text)
    UartPutc                                 0x00000585   Thumb Code     8  retarget.o(.text)
    UartGetc                                 0x0000058d   Thumb Code    10  retarget.o(.text)
    KBHIT                                    0x00000597   Thumb Code    22  retarget.o(.text)
    fputc                                    0x000005ad   Thumb Code    14  retarget.o(.text)
    fgetc                                    0x000005bb   Thumb Code    10  retarget.o(.text)
    ferror                                   0x000005c5   Thumb Code    12  retarget.o(.text)
    _ttywrch                                 0x000005d1   Thumb Code    12  retarget.o(.text)
    _sys_exit                                0x000005dd   Thumb Code     4  retarget.o(.text)
    __I$use$semihosting                      0x000005e1   Thumb Code     0  use_no_semi.o(.text)
    __use_no_semihosting_swi                 0x000005e1   Thumb Code     2  use_no_semi.o(.text)
    __2printf                                0x000005e5   Thumb Code    22  noretval__2printf.o(.text)
    __use_two_region_memory                  0x00000601   Thumb Code     2  heapauxi.o(.text)
    __rt_heap_escrow$2region                 0x00000603   Thumb Code     2  heapauxi.o(.text)
    __rt_heap_expand$2region                 0x00000605   Thumb Code     2  heapauxi.o(.text)
    _printf_char_file                        0x00000609   Thumb Code    34  _printf_char_file.o(.text)
    _printf_char_common                      0x0000063b   Thumb Code    32  _printf_char_common.o(.text)
    __user_setup_stackheap                   0x00000661   Thumb Code    62  sys_stackheap_outer.o(.text)
    __printf                                 0x0000069f   Thumb Code    36  __printf_nopercent.o(.text)
    exit                                     0x000006c3   Thumb Code    16  exit.o(.text)
    __user_libspace                          0x000006d5   Thumb Code     8  libspace.o(.text)
    __user_perproc_libspace                  0x000006d5   Thumb Code     0  libspace.o(.text)
    __user_perthread_libspace                0x000006d5   Thumb Code     0  libspace.o(.text)
    Region$$Table$$Base                      0x000006dc   Number         0  anon$$obj.o(Region$$Table)
    Region$$Table$$Limit                     0x000006ec   Number         0  anon$$obj.o(Region$$Table)
    __stdout                                 0x00000714   Data           4  retarget.o(.data)
    __stdin                                  0x00000718   Data           4  retarget.o(.data)
    __libspace_start                         0x0000071c   Data          96  libspace.o(.bss)
    __temporary_stack_top$libspace           0x0000077c   Data           0  libspace.o(.bss)



==============================================================================

Memory Map of the image

  Image Entry point : 0x0000031d

  Load Region LR_1 (Base: 0x00000000, Size: 0x0000071c, Max: 0xffffffff, ABSOLUTE)

    Execution Region ER_RO (Exec base: 0x00000000, Load base: 0x00000000, Size: 0x000006ec, Max: 0xffffffff, ABSOLUTE)

    Exec Addr    Load Addr    Size         Type   Attr      Idx    E Section Name        Object

    0x00000000   0x00000000   0x0000007c   Data   RO           53    RESET               cm0dsasm.o
    0x0000007c   0x0000007c   0x00000008   Code   RO          175  * !!!main             c_p.l(__main.o)
    0x00000084   0x00000084   0x0000003c   Code   RO          334    !!!scatter          c_p.l(__scatter.o)
    0x000000c0   0x000000c0   0x0000001c   Code   RO          336    !!handler_zi        c_p.l(__scatter_zi.o)
    0x000000dc   0x000000dc   0x00000002   Code   RO          209    .ARM.Collect$$libinit$$00000000  c_p.l(libinit.o)
    0x000000de   0x000000de   0x00000000   Code   RO          217    .ARM.Collect$$libinit$$00000002  c_p.l(libinit2.o)
    0x000000de   0x000000de   0x00000000   Code   RO          219    .ARM.Collect$$libinit$$00000004  c_p.l(libinit2.o)
    0x000000de   0x000000de   0x00000000   Code   RO          222    .ARM.Collect$$libinit$$0000000A  c_p.l(libinit2.o)
    0x000000de   0x000000de   0x00000000   Code   RO          224    .ARM.Collect$$libinit$$0000000C  c_p.l(libinit2.o)
    0x000000de   0x000000de   0x00000000   Code   RO          226    .ARM.Collect$$libinit$$0000000E  c_p.l(libinit2.o)
    0x000000de   0x000000de   0x00000000   Code   RO          229    .ARM.Collect$$libinit$$00000011  c_p.l(libinit2.o)
    0x000000de   0x000000de   0x00000000   Code   RO          231    .ARM.Collect$$libinit$$00000013  c_p.l(libinit2.o)
    0x000000de   0x000000de   0x00000000   Code   RO          233    .ARM.Collect$$libinit$$00000015  c_p.l(libinit2.o)
    0x000000de   0x000000de   0x00000000   Code   RO          235    .ARM.Collect$$libinit$$00000017  c_p.l(libinit2.o)
    0x000000de   0x000000de   0x00000000   Code   RO          237    .ARM.Collect$$libinit$$00000019  c_p.l(libinit2.o)
    0x000000de   0x000000de   0x00000000   Code   RO          239    .ARM.Collect$$libinit$$0000001B  c_p.l(libinit2.o)
    0x000000de   0x000000de   0x00000000   Code   RO          241    .ARM.Collect$$libinit$$0000001D  c_p.l(libinit2.o)
    0x000000de   0x000000de   0x00000000   Code   RO          243    .ARM.Collect$$libinit$$0000001F  c_p.l(libinit2.o)
    0x000000de   0x000000de   0x00000000   Code   RO          245    .ARM.Collect$$libinit$$00000021  c_p.l(libinit2.o)
    0x000000de   0x000000de   0x00000000   Code   RO          247    .ARM.Collect$$libinit$$00000023  c_p.l(libinit2.o)
    0x000000de   0x000000de   0x00000000   Code   RO          249    .ARM.Collect$$libinit$$00000025  c_p.l(libinit2.o)
    0x000000de   0x000000de   0x00000000   Code   RO          253    .ARM.Collect$$libinit$$0000002C  c_p.l(libinit2.o)
    0x000000de   0x000000de   0x00000000   Code   RO          255    .ARM.Collect$$libinit$$0000002E  c_p.l(libinit2.o)
    0x000000de   0x000000de   0x00000000   Code   RO          257    .ARM.Collect$$libinit$$00000030  c_p.l(libinit2.o)
    0x000000de   0x000000de   0x00000000   Code   RO          259    .ARM.Collect$$libinit$$00000032  c_p.l(libinit2.o)
    0x000000de   0x000000de   0x00000002   Code   RO          260    .ARM.Collect$$libinit$$00000033  c_p.l(libinit2.o)
    0x000000e0   0x000000e0   0x00000002   Code   RO          278    .ARM.Collect$$libshutdown$$00000000  c_p.l(libshutdown.o)
    0x000000e2   0x000000e2   0x00000000   Code   RO          288    .ARM.Collect$$libshutdown$$00000002  c_p.l(libshutdown2.o)
    0x000000e2   0x000000e2   0x00000000   Code   RO          290    .ARM.Collect$$libshutdown$$00000004  c_p.l(libshutdown2.o)
    0x000000e2   0x000000e2   0x00000000   Code   RO          293    .ARM.Collect$$libshutdown$$00000007  c_p.l(libshutdown2.o)
    0x000000e2   0x000000e2   0x00000000   Code   RO          296    .ARM.Collect$$libshutdown$$0000000A  c_p.l(libshutdown2.o)
    0x000000e2   0x000000e2   0x00000000   Code   RO          298    .ARM.Collect$$libshutdown$$0000000C  c_p.l(libshutdown2.o)
    0x000000e2   0x000000e2   0x00000000   Code   RO          301    .ARM.Collect$$libshutdown$$0000000F  c_p.l(libshutdown2.o)
    0x000000e2   0x000000e2   0x00000002   Code   RO          302    .ARM.Collect$$libshutdown$$00000010  c_p.l(libshutdown2.o)
    0x000000e4   0x000000e4   0x00000000   Code   RO          177    .ARM.Collect$$rtentry$$00000000  c_p.l(__rtentry.o)
    0x000000e4   0x000000e4   0x00000000   Code   RO          181    .ARM.Collect$$rtentry$$00000002  c_p.l(__rtentry2.o)
    0x000000e4   0x000000e4   0x00000006   Code   RO          193    .ARM.Collect$$rtentry$$00000004  c_p.l(__rtentry4.o)
    0x000000ea   0x000000ea   0x00000000   Code   RO          183    .ARM.Collect$$rtentry$$00000009  c_p.l(__rtentry2.o)
    0x000000ea   0x000000ea   0x00000004   Code   RO          184    .ARM.Collect$$rtentry$$0000000A  c_p.l(__rtentry2.o)
    0x000000ee   0x000000ee   0x00000000   Code   RO          186    .ARM.Collect$$rtentry$$0000000C  c_p.l(__rtentry2.o)
    0x000000ee   0x000000ee   0x00000008   Code   RO          187    .ARM.Collect$$rtentry$$0000000D  c_p.l(__rtentry2.o)
    0x000000f6   0x000000f6   0x00000002   Code   RO          214    .ARM.Collect$$rtexit$$00000000  c_p.l(rtexit.o)
    0x000000f8   0x000000f8   0x00000000   Code   RO          262    .ARM.Collect$$rtexit$$00000002  c_p.l(rtexit2.o)
    0x000000f8   0x000000f8   0x00000004   Code   RO          263    .ARM.Collect$$rtexit$$00000003  c_p.l(rtexit2.o)
    0x000000fc   0x000000fc   0x00000006   Code   RO          264    .ARM.Collect$$rtexit$$00000004  c_p.l(rtexit2.o)
    0x00000102   0x00000102   0x00000002   PAD
    0x00000104   0x00000104   0x00000218   Code   RO            3    .text               main.o
    0x0000031c   0x0000031c   0x0000002c   Code   RO           54  * .text               cm0dsasm.o
    0x00000348   0x00000348   0x00000084   Code   RO           60    .text               edk_driver.o
    0x000003cc   0x000003cc   0x000001b0   Code   RO           88    .text               edk_api.o
    0x0000057c   0x0000057c   0x00000064   Code   RO          113    .text               retarget.o
    0x000005e0   0x000005e0   0x00000002   Code   RO          167    .text               c_p.l(use_no_semi.o)
    0x000005e2   0x000005e2   0x00000002   PAD
    0x000005e4   0x000005e4   0x0000001c   Code   RO          171    .text               c_p.l(noretval__2printf.o)
    0x00000600   0x00000600   0x00000006   Code   RO          173    .text               c_p.l(heapauxi.o)
    0x00000606   0x00000606   0x00000002   PAD
    0x00000608   0x00000608   0x00000028   Code   RO          178    .text               c_p.l(_printf_char_file.o)
    0x00000630   0x00000630   0x00000030   Code   RO          195    .text               c_p.l(_printf_char_common.o)
    0x00000660   0x00000660   0x0000003e   Code   RO          197    .text               c_p.l(sys_stackheap_outer.o)
    0x0000069e   0x0000069e   0x00000024   Code   RO          200    .text               c_p.l(__printf_nopercent.o)
    0x000006c2   0x000006c2   0x00000010   Code   RO          202    .text               c_p.l(exit.o)
    0x000006d2   0x000006d2   0x00000002   PAD
    0x000006d4   0x000006d4   0x00000008   Code   RO          210    .text               c_p.l(libspace.o)
    0x000006dc   0x000006dc   0x00000010   Data   RO          332    Region$$Table       anon$$obj.o


    Execution Region ER_RW (Exec base: 0x000006ec, Load base: 0x000006ec, Size: 0x00000030, Max: 0xffffffff, ABSOLUTE)

    Exec Addr    Load Addr    Size         Type   Attr      Idx    E Section Name        Object

    0x000006ec   0x000006ec   0x00000020   Data   RW            4    .data               main.o
    0x0000070c   0x0000070c   0x00000004   Data   RW           89    .data               edk_api.o
    0x00000710   0x00000710   0x0000000c   Data   RW          114    .data               retarget.o


    Execution Region ER_ZI (Exec base: 0x0000071c, Load base: 0x0000071c, Size: 0x00000864, Max: 0xffffffff, ABSOLUTE)

    Exec Addr    Load Addr    Size         Type   Attr      Idx    E Section Name        Object

    0x0000071c        -       0x00000060   Zero   RW          211    .bss                c_p.l(libspace.o)
    0x0000077c   0x0000071c   0x00000004   PAD
    0x00000780        -       0x00000400   Zero   RW           52    HEAP                cm0dsasm.o
    0x00000b80        -       0x00000400   Zero   RW           51    STACK               cm0dsasm.o


==============================================================================

Image component sizes


      Code (inc. data)   RO Data    RW Data    ZI Data      Debug   Object Name

        44         22        124          0       2048        444   cm0dsasm.o
       432         26          0          4          0       2491   edk_api.o
       132          6          0          0          0       1726   edk_driver.o
       536        176          0         32          0      12634   main.o
       100          0          0         12          0       3854   retarget.o

    ----------------------------------------------------------------------
      1244        230        140         48       2048      21149   Object Totals
         0          0         16          0          0          0   (incl. Generated)
         0          0          0          0          0          0   (incl. Padding)

    ----------------------------------------------------------------------

      Code (inc. data)   RO Data    RW Data    ZI Data      Debug   Library Member Name

         8          0          0          0          0         68   __main.o
        36          0          0          0          0         76   __printf_nopercent.o
         0          0          0          0          0          0   __rtentry.o
        12          0          0          0          0          0   __rtentry2.o
         6          0          0          0          0          0   __rtentry4.o
        60          8          0          0          0          0   __scatter.o
        28          0          0          0          0          0   __scatter_zi.o
        48          6          0          0          0         88   _printf_char_common.o
        40          6          0          0          0         72   _printf_char_file.o
        16          0          0          0          0         68   exit.o
         6          0          0          0          0        136   heapauxi.o
         2          0          0          0          0          0   libinit.o
         2          0          0          0          0          0   libinit2.o
         2          0          0          0          0          0   libshutdown.o
         2          0          0          0          0          0   libshutdown2.o
         8          4          0          0         96         68   libspace.o
        28          6          0          0          0         84   noretval__2printf.o
         2          0          0          0          0          0   rtexit.o
        10          0          0          0          0          0   rtexit2.o
        62          0          0          0          0         80   sys_stackheap_outer.o
         2          0          0          0          0         68   use_no_semi.o

    ----------------------------------------------------------------------
       388         30          0          0        100        808   Library Totals
         8          0          0          0          4          0   (incl. Padding)

    ----------------------------------------------------------------------

      Code (inc. data)   RO Data    RW Data    ZI Data      Debug   Library Name

       380         30          0          0         96        808   c_p.l

    ----------------------------------------------------------------------
       388         30          0          0        100        808   Library Totals

    ----------------------------------------------------------------------

==============================================================================


      Code (inc. data)   RO Data    RW Data    ZI Data      Debug   

      1632        260        140         48       2148      21357   Grand Totals
      1632        260        140         48       2148      21357   ELF Image Totals
      1632        260        140         48          0          0   ROM Totals

==============================================================================

    Total RO  Size (Code + RO Data)                 1772 (   1.73kB)
    Total RW  Size (RW Data + ZI Data)              2196 (   2.14kB)
    Total ROM Size (Code + RO Data + RW Data)       1820 (   1.78kB)

==============================================================================

